
sebas@LAPTOP-SG6MTVGL MINGW64 ~/Desktop/Nueva carpeta
$ git clone https://github.com/skeien/Prueba.git
Cloning into 'Prueba'...
remote: Enumerating objects: 15, done.
remote: Counting objects: 100% (15/15), done.
remote: Compressing objects: 100% (8/8), done.
remote: Total 15 (delta 1), reused 0 (delta 0), pack-reused 0
Receiving objects: 100% (15/15), done.
Resolving deltas: 100% (1/1), done.

sebas@LAPTOP-SG6MTVGL MINGW64 ~/Desktop/Nueva carpeta
$ cd Prueba

sebas@LAPTOP-SG6MTVGL MINGW64 ~/Desktop/Nueva carpeta/Prueba (main)
$ git checkout -b prueba
Switched to a new branch 'prueba'

sebas@LAPTOP-SG6MTVGL MINGW64 ~/Desktop/Nueva carpeta/Prueba (prueba)
$ git branch
  main
* prueba

sebas@LAPTOP-SG6MTVGL MINGW64 ~/Desktop/Nueva carpeta/Prueba (prueba)
$ git checkout main
Switched to branch 'main'
Your branch is up to date with 'origin/main'.

sebas@LAPTOP-SG6MTVGL MINGW64 ~/Desktop/Nueva carpeta/Prueba (main)
$ git branch
* main
  prueba

sebas@LAPTOP-SG6MTVGL MINGW64 ~/Desktop/Nueva carpeta/Prueba (main)
$ git checkout prueba
Switched to branch 'prueba'

sebas@LAPTOP-SG6MTVGL MINGW64 ~/Desktop/Nueva carpeta/Prueba (prueba)
$ git status
On branch prueba
Changes not staged for commit:
  (use "git add <file>..." to update what will be committed)
  (use "git restore <file>..." to discard changes in working directory)
        modified:   Example.html

Untracked files:
  (use "git add <file>..." to include in what will be committed)
        prueba.css

no changes added to commit (use "git add" and/or "git commit -a")

sebas@LAPTOP-SG6MTVGL MINGW64 ~/Desktop/Nueva carpeta/Prueba (prueba)
$ git add .

sebas@LAPTOP-SG6MTVGL MINGW64 ~/Desktop/Nueva carpeta/Prueba (prueba)
$ git status
On branch prueba
Changes to be committed:
  (use "git restore --staged <file>..." to unstage)
        modified:   Example.html
        new file:   prueba.css


sebas@LAPTOP-SG6MTVGL MINGW64 ~/Desktop/Nueva carpeta/Prueba (prueba)
$ git commit -m "agregado prueba.css"
Author identity unknown

*** Please tell me who you are.

Run

  git config --global user.email "you@example.com"
  git config --global user.name "Your Name"

to set your account's default identity.
Omit --global to set the identity only in this repository.

fatal: unable to auto-detect email address (got 'sebas@LAPTOP-SG6MTVGL.(none)')

sebas@LAPTOP-SG6MTVGL MINGW64 ~/Desktop/Nueva carpeta/Prueba (prueba)
$ ^C

sebas@LAPTOP-SG6MTVGL MINGW64 ~/Desktop/Nueva carpeta/Prueba (prueba)
$ git config --global user.email "sebastian.keienburg@gmail.com"

sebas@LAPTOP-SG6MTVGL MINGW64 ~/Desktop/Nueva carpeta/Prueba (prueba)
$ ^C

sebas@LAPTOP-SG6MTVGL MINGW64 ~/Desktop/Nueva carpeta/Prueba (prueba)
$ git config --global user.name "Sebak"

sebas@LAPTOP-SG6MTVGL MINGW64 ~/Desktop/Nueva carpeta/Prueba (prueba)
$ git commit -m "agregado prueba.css"
[prueba 3551a3c] agregado prueba.css
 2 files changed, 1 insertion(+)
 create mode 100644 prueba.css

sebas@LAPTOP-SG6MTVGL MINGW64 ~/Desktop/Nueva carpeta/Prueba (prueba)
$ git pull
remote: Enumerating objects: 5, done.
remote: Counting objects: 100% (5/5), done.
remote: Compressing objects: 100% (3/3), done.
remote: Total 3 (delta 0), reused 3 (delta 0), pack-reused 0
Unpacking objects: 100% (3/3), 423 bytes | 1024 bytes/s, done.
From https://github.com/skeien/Prueba
 * [new branch]      prueba2    -> origin/prueba2
There is no tracking information for the current branch.
Please specify which branch you want to merge with.
See git-pull(1) for details.

    git pull <remote> <branch>

If you wish to set tracking information for this branch you can do so with:

    git branch --set-upstream-to=origin/<branch> prueba


sebas@LAPTOP-SG6MTVGL MINGW64 ~/Desktop/Nueva carpeta/Prueba (prueba)
$ git pull origin main
From https://github.com/skeien/Prueba
 * branch            main       -> FETCH_HEAD
Already up to date.

sebas@LAPTOP-SG6MTVGL MINGW64 ~/Desktop/Nueva carpeta/Prueba (prueba)
$ git push origin prueba
Enumerating objects: 6, done.
Counting objects: 100% (6/6), done.
Delta compression using up to 4 threads
Compressing objects: 100% (3/3), done.
Writing objects: 100% (4/4), 389 bytes | 97.00 KiB/s, done.
Total 4 (delta 1), reused 0 (delta 0), pack-reused 0
remote: Resolving deltas: 100% (1/1), completed with 1 local object.
remote:
remote: Create a pull request for 'prueba' on GitHub by visiting:
remote:      https://github.com/skeien/Prueba/pull/new/prueba
remote:
To https://github.com/skeien/Prueba.git
 * [new branch]      prueba -> prueba

sebas@LAPTOP-SG6MTVGL MINGW64 ~/Desktop/Nueva carpeta/Prueba (prueba)
$ git checkout main
Switched to branch 'main'
Your branch is up to date with 'origin/main'.

sebas@LAPTOP-SG6MTVGL MINGW64 ~/Desktop/Nueva carpeta/Prueba (main)
$ git pull
remote: Enumerating objects: 11, done.
remote: Counting objects: 100% (11/11), done.
remote: Compressing objects: 100% (5/5), done.
remote: Total 5 (delta 1), reused 0 (delta 0), pack-reused 0
Unpacking objects: 100% (5/5), 1.94 KiB | 11.00 KiB/s, done.
From https://github.com/skeien/Prueba
   01c0126..008207c  main       -> origin/main
   c394a0a..4cf52ef  prueba2    -> origin/prueba2
Updating 01c0126..008207c
Fast-forward
 Example.html | 5 +++++
 prueba.css   | 0
 2 files changed, 5 insertions(+)
 create mode 100644 prueba.css

to add -git push origin 'branch_name'-